// Jest Snapshot v1, https://goo.gl/fbAQLP

exports[`Employees tests renders snapshot as expected 1`] = `
<div
  style={
    Object {
      "height": "100%",
      "margin": "20px",
      "width": "100%",
    }
  }
>
  <h1>
    Department: 
    test
  </h1>
  <div>
    No records found
  </div>
</div>
`;
